---
source: twine-tlv/src/collection.rs
expression: tlv_data.unwrap()
---
TestTlvExtendedDataType(
    [
        170,
        170,
        170,
        170,
        170,
        170,
        170,
        170,
        170,
        170,
        170,
        170,
        170,
        170,
        170,
        170,
        170,
        170,
        170,
        170,
        170,
        170,
        170,
        170,
        170,
        170,
        170,
        170,
        170,
        170,
        170,
        170,
        170,
        170,
        170,
        170,
        170,
        170,
        170,
        170,
        170,
        170,
        170,
        170,
        170,
        170,
        170,
        170,
        170,
        170,
        170,
        170,
        170,
        170,
        170,
        170,
        170,
        170,
        170,
        170,
        170,
        170,
        170,
        170,
        170,
        170,
        170,
        170,
        170,
        170,
        170,
        170,
        170,
        170,
        170,
        170,
        170,
        170,
        170,
        170,
        170,
        170,
        170,
        170,
        170,
        170,
        170,
        170,
        170,
        170,
        170,
        170,
        170,
        170,
        170,
        170,
        170,
        170,
        170,
        170,
        170,
        170,
        170,
        170,
        170,
        170,
        170,
        170,
        170,
        170,
        170,
        170,
        170,
        170,
        170,
        170,
        170,
        170,
        170,
        170,
        170,
        170,
        170,
        170,
        170,
        170,
        170,
        170,
        170,
        170,
        170,
        170,
        170,
        170,
        170,
        170,
        170,
        170,
        170,
        170,
        170,
        170,
        170,
        170,
        170,
        170,
        170,
        170,
        170,
        170,
        170,
        170,
        170,
        170,
        170,
        170,
        170,
        170,
        170,
        170,
        170,
        170,
        170,
        170,
        170,
        170,
        170,
        170,
        170,
        170,
        170,
        170,
        170,
        170,
        170,
        170,
        170,
        170,
        170,
        170,
        170,
        170,
        170,
        170,
        170,
        170,
        170,
        170,
        170,
        170,
        170,
        170,
        170,
        170,
        170,
        170,
        170,
        170,
        170,
        170,
        170,
        170,
        170,
        170,
        170,
        170,
        170,
        170,
        170,
        170,
        170,
        170,
        170,
        170,
        170,
        170,
        170,
        170,
        170,
        170,
        170,
        170,
        170,
        170,
        170,
        170,
        170,
        170,
        170,
        170,
        170,
        170,
        170,
        170,
        170,
        170,
        170,
        170,
        170,
        170,
        170,
        170,
        170,
        170,
        170,
        170,
        170,
        170,
        170,
        170,
        170,
        170,
        170,
        170,
        170,
        170,
    ],
)
